D:/Facultate/FACULTATE/an2/sem2/robotica/vsCodeWorkspace/CMSIS/core_cm33.h:2358:22:__NVIC_EnableIRQ	16	static
D:/Facultate/FACULTATE/an2/sem2/robotica/vsCodeWorkspace/CMSIS/core_cm33.h:2555:22:__NVIC_SetPriority	16	static
D:/Facultate/FACULTATE/an2/sem2/robotica/vsCodeWorkspace/drivers/fsl_common_arm.h:672:24:EnableIRQ	24	static
D:/Facultate/FACULTATE/an2/sem2/robotica/vsCodeWorkspace/drivers/fsl_edma.h:705:20:EDMA_SetChannelMux	24	static
D:/Facultate/FACULTATE/an2/sem2/robotica/vsCodeWorkspace/drivers/fsl_ctimer.h:517:20:CTIMER_StartTimer	16	static
D:/Facultate/FACULTATE/an2/sem2/robotica/vsCodeWorkspace/board/peripherals.c:201:13:CTIMER0_init	16	static
D:/Facultate/FACULTATE/an2/sem2/robotica/vsCodeWorkspace/board/peripherals.c:251:13:GPIO0_init	8	static
D:/Facultate/FACULTATE/an2/sem2/robotica/vsCodeWorkspace/board/peripherals.c:304:13:CTIMER2_init	16	static
D:/Facultate/FACULTATE/an2/sem2/robotica/vsCodeWorkspace/board/peripherals.c:426:13:LP_FLEXCOMM2_init	16	static
D:/Facultate/FACULTATE/an2/sem2/robotica/vsCodeWorkspace/board/peripherals.c:482:13:CTIMER4_init	8	static
D:/Facultate/FACULTATE/an2/sem2/robotica/vsCodeWorkspace/board/peripherals.c:490:13:BOARD_InitPeripherals_CommonPostInit	8	static
D:/Facultate/FACULTATE/an2/sem2/robotica/vsCodeWorkspace/board/peripherals.c:506:6:BOARD_InitPeripherals	8	static
D:/Facultate/FACULTATE/an2/sem2/robotica/vsCodeWorkspace/board/peripherals.c:525:6:BOARD_InitBootPeripherals	8	static
